[2026/05/22 02:30:24   INFO]        [CommandManager] imseb executed command: motm dev freecast on
[2026/05/22 02:30:26   INFO]        [CommandManager] imseb executed command: motm dev class set hydro
[2026/05/22 02:30:26   INFO]                  [MOTM] [MOTM] Queue runtime rebuild: playerId=6d49dfd8-b4aa-48ec-b608-4e0c15f00a4d
[2026/05/22 02:30:26   INFO]                  [MOTM] [MOTM] >>> rebuildPlayerRuntimeNow START playerId=6d49dfd8-b4aa-48ec-b608-4e0c15f00a4d class=hydro styles=[]
[2026/05/22 02:30:26   INFO]                  [MOTM] [MOTM] Rebuilt perk stat modifiers: player=6d49dfd8-b4aa-48ec-b608-4e0c15f00a4d perks=0 modifiersApplied=0
[2026/05/22 02:30:26   INFO]                  [MOTM] [MOTM] Applied race bonuses for imseb: Human (HP +5)
[2026/05/22 02:30:26   INFO]                  [MOTM] [MOTM] <<< rebuildPlayerRuntimeNow END playerId=6d49dfd8-b4aa-48ec-b608-4e0c15f00a4d class=hydro styles=[]
[2026/05/22 02:30:28   INFO]        [CommandManager] imseb executed command: motm dev styles clear
[2026/05/22 02:30:28   INFO]                  [MOTM] [MOTM] Queue runtime rebuild: playerId=6d49dfd8-b4aa-48ec-b608-4e0c15f00a4d
[2026/05/22 02:30:28   INFO]                  [MOTM] [MOTM] >>> rebuildPlayerRuntimeNow START playerId=6d49dfd8-b4aa-48ec-b608-4e0c15f00a4d class=hydro styles=[]
[2026/05/22 02:30:28   INFO]                  [MOTM] [MOTM] Rebuilt perk stat modifiers: player=6d49dfd8-b4aa-48ec-b608-4e0c15f00a4d perks=0 modifiersApplied=0
[2026/05/22 02:30:28   INFO]                  [MOTM] [MOTM] Applied race bonuses for imseb: Human (HP +5)
[2026/05/22 02:30:28   INFO]                  [MOTM] [MOTM] <<< rebuildPlayerRuntimeNow END playerId=6d49dfd8-b4aa-48ec-b608-4e0c15f00a4d class=hydro styles=[]
[2026/05/22 02:30:30   INFO]        [CommandManager] imseb executed command: motm style iceberg
[2026/05/22 02:30:30   INFO]                  [MOTM] [MOTM] imseb selected styles: [iceberg]
[2026/05/22 02:30:30   INFO]                  [MOTM] [MOTM] Queue runtime rebuild: playerId=6d49dfd8-b4aa-48ec-b608-4e0c15f00a4d
[2026/05/22 02:30:30   INFO]                  [MOTM] [MOTM] >>> rebuildPlayerRuntimeNow START playerId=6d49dfd8-b4aa-48ec-b608-4e0c15f00a4d class=hydro styles=[iceberg]
[2026/05/22 02:30:30   INFO]                  [MOTM] [MOTM] Rebuilt perk stat modifiers: player=6d49dfd8-b4aa-48ec-b608-4e0c15f00a4d perks=0 modifiersApplied=0
[2026/05/22 02:30:30   INFO]                  [MOTM] [MOTM] Applied race bonuses for imseb: Human (HP +5)
[2026/05/22 02:30:30   INFO]                  [MOTM] [MOTM] <<< rebuildPlayerRuntimeNow END playerId=6d49dfd8-b4aa-48ec-b608-4e0c15f00a4d class=hydro styles=[iceberg]
[2026/05/22 02:30:30   INFO]                  [MOTM] [MOTM] Pending spellbook grant processed: playerId=6d49dfd8-b4aa-48ec-b608-4e0c15f00a4d granted=false nowHasSpellbook=true
[2026/05/22 02:30:31   INFO]        [CommandManager] imseb executed command: motm dev test mobs close
[2026/05/22 02:30:31   INFO]                  [MOTM] [MOTM] Style test mob spawn queued: playerId=6d49dfd8-b4aa-48ec-b608-4e0c15f00a4d added=true
[2026/05/22 02:30:31   INFO]                  [MOTM] [MOTM] Style test mobs spawned: count=2 mode=close grounded=(5091.58, 168.00, 4988.43) floating=(5090.85, 171.00, 4994.11)
[2026/05/22 02:30:35   INFO]        [CommandManager] imseb executed command: motm dev test ability ice_cap
[2026/05/22 02:30:35   INFO]                  [MOTM] [MOTM] Live ability test target: playerId=6d49dfd8-b4aa-48ec-b608-4e0c15f00a4d abilityId=ice_cap hasTarget=true targetBlock=Vector3i{x=5091, y=168, z=4988}
[2026/05/22 02:30:35   INFO]                  [MOTM] [MOTM] Queue ability cast: playerId=6d49dfd8-b4aa-48ec-b608-4e0c15f00a4d abilityId=ice_cap notifyFailures=true
[2026/05/22 02:30:35   INFO]                  [MOTM] [MOTM] Processing queued ability cast: playerId=6d49dfd8-b4aa-48ec-b608-4e0c15f00a4d abilityId=ice_cap
[2026/05/22 02:30:35   INFO]                  [MOTM] [MOTM] Queued ability cast result: playerId=6d49dfd8-b4aa-48ec-b608-4e0c15f00a4d abilityId=ice_cap result=[MOTM] Cast Ice Cap! Runtime: hydro cast visuals | ice shell aura | radius 3.4m | 6s | shield 48.9 | applied stun to 1 target | weapon follow-up ready x2 via Ice Cap.
[2026/05/22 02:30:41   INFO]        [CommandManager] imseb executed command: motm dev test mobs close
[2026/05/22 02:30:41   INFO]                  [MOTM] [MOTM] Style test mob spawn queued: playerId=6d49dfd8-b4aa-48ec-b608-4e0c15f00a4d added=true
[2026/05/22 02:30:41   INFO]                  [MOTM] [MOTM] Style test mobs spawned: count=2 mode=close grounded=(5091.58, 168.00, 4988.43) floating=(5090.85, 171.00, 4994.11)
[2026/05/22 02:30:44   INFO]        [CommandManager] imseb executed command: motm dev test ability glacier
[2026/05/22 02:30:44   INFO]                  [MOTM] [MOTM] Live ability test target: playerId=6d49dfd8-b4aa-48ec-b608-4e0c15f00a4d abilityId=glacier hasTarget=true targetBlock=Vector3i{x=5091, y=168, z=4988}
[2026/05/22 02:30:44   INFO]                  [MOTM] [MOTM] Queue ability cast: playerId=6d49dfd8-b4aa-48ec-b608-4e0c15f00a4d abilityId=glacier notifyFailures=true
[2026/05/22 02:30:44   INFO]                  [MOTM] [MOTM] Processing queued ability cast: playerId=6d49dfd8-b4aa-48ec-b608-4e0c15f00a4d abilityId=glacier
[2026/05/22 02:30:44   INFO]                  [MOTM] [MOTM] Queued ability cast result: playerId=6d49dfd8-b4aa-48ec-b608-4e0c15f00a4d abilityId=glacier result=[MOTM] Cast Glacier! Runtime: hydro cast visuals | barrier active for 7s | width 8.0m | self defense buff.
[2026/05/22 02:30:52   INFO]        [CommandManager] imseb executed command: motm dev test mobs close
[2026/05/22 02:30:52   INFO]                  [MOTM] [MOTM] Style test mob spawn queued: playerId=6d49dfd8-b4aa-48ec-b608-4e0c15f00a4d added=true
[2026/05/22 02:30:52   INFO]                  [MOTM] [MOTM] Style test mobs spawned: count=2 mode=close grounded=(5091.58, 168.00, 4988.43) floating=(5090.85, 171.00, 4994.11)
[2026/05/22 02:30:56   INFO]        [CommandManager] imseb executed command: motm dev test ability ice_shelf
[2026/05/22 02:30:56   INFO]                  [MOTM] [MOTM] Live ability test target: playerId=6d49dfd8-b4aa-48ec-b608-4e0c15f00a4d abilityId=ice_shelf hasTarget=true targetBlock=Vector3i{x=5091, y=168, z=4988}
[2026/05/22 02:30:56   INFO]                  [MOTM] [MOTM] Queue ability cast: playerId=6d49dfd8-b4aa-48ec-b608-4e0c15f00a4d abilityId=ice_shelf notifyFailures=true
[2026/05/22 02:30:56   INFO]                  [MOTM] [MOTM] Processing queued ability cast: playerId=6d49dfd8-b4aa-48ec-b608-4e0c15f00a4d abilityId=ice_shelf
[2026/05/22 02:30:56   INFO]                  [MOTM] [MOTM] ability kill detected: player=6d49dfd8-b4aa-48ec-b608-4e0c15f00a4d target=074fce65-226a-372d-a47e-0bb1dc1c0663 mobType=Goblin_Scrapper
[2026/05/22 02:30:56   WARN]                  [MOTM] [MOTM] Unknown mob type for XP: Goblin_Scrapper, using default 50
[2026/05/22 02:30:56   INFO]                  [MOTM] [MOTM] ability kill detected: player=6d49dfd8-b4aa-48ec-b608-4e0c15f00a4d target=2e280ca3-36bb-3679-8e8c-f0bbbe76cef2 mobType=Goblin_Scrapper
[2026/05/22 02:30:56   WARN]                  [MOTM] [MOTM] Unknown mob type for XP: Goblin_Scrapper, using default 50
[2026/05/22 02:30:56   INFO]                  [MOTM] [MOTM] ability kill detected: player=6d49dfd8-b4aa-48ec-b608-4e0c15f00a4d target=c6f0543a-7cbf-3e3a-89ee-2f45a45795df mobType=Goblin_Scrapper
[2026/05/22 02:30:56   WARN]                  [MOTM] [MOTM] Unknown mob type for XP: Goblin_Scrapper, using default 50
[2026/05/22 02:30:56   INFO]                  [MOTM] [MOTM] ability kill detected: player=6d49dfd8-b4aa-48ec-b608-4e0c15f00a4d target=950f3922-b548-30f6-bff4-a70cc614f3c6 mobType=Goblin_Scrapper
[2026/05/22 02:30:56   WARN]                  [MOTM] [MOTM] Unknown mob type for XP: Goblin_Scrapper, using default 50
[2026/05/22 02:30:56   INFO]                  [MOTM] [MOTM] Queued ability cast result: playerId=6d49dfd8-b4aa-48ec-b608-4e0c15f00a4d abilityId=ice_shelf result=[MOTM] Cast Ice Shelf! Runtime: hydro cast visuals | 4 hits for 181.4 damage.
