[2026/05/22 01:33:47   INFO]        [CommandManager] imseb executed command: motm dev freecast on
[2026/05/22 01:33:49   INFO]        [CommandManager] imseb executed command: motm dev class set terra
[2026/05/22 01:33:49   INFO]                  [MOTM] [MOTM] Queue runtime rebuild: playerId=6d49dfd8-b4aa-48ec-b608-4e0c15f00a4d
[2026/05/22 01:33:49   INFO]                  [MOTM] [MOTM] >>> rebuildPlayerRuntimeNow START playerId=6d49dfd8-b4aa-48ec-b608-4e0c15f00a4d class=terra styles=[]
[2026/05/22 01:33:49   INFO]                  [MOTM] [MOTM] Rebuilt perk stat modifiers: player=6d49dfd8-b4aa-48ec-b608-4e0c15f00a4d perks=0 modifiersApplied=0
[2026/05/22 01:33:49   INFO]                  [MOTM] [MOTM] Applied race bonuses for imseb: Human (HP +5)
[2026/05/22 01:33:49   INFO]                  [MOTM] [MOTM] <<< rebuildPlayerRuntimeNow END playerId=6d49dfd8-b4aa-48ec-b608-4e0c15f00a4d class=terra styles=[]
[2026/05/22 01:33:51   INFO]        [CommandManager] imseb executed command: motm dev styles clear
[2026/05/22 01:33:51   INFO]                  [MOTM] [MOTM] Queue runtime rebuild: playerId=6d49dfd8-b4aa-48ec-b608-4e0c15f00a4d
[2026/05/22 01:33:51   INFO]                  [MOTM] [MOTM] >>> rebuildPlayerRuntimeNow START playerId=6d49dfd8-b4aa-48ec-b608-4e0c15f00a4d class=terra styles=[]
[2026/05/22 01:33:51   INFO]                  [MOTM] [MOTM] Rebuilt perk stat modifiers: player=6d49dfd8-b4aa-48ec-b608-4e0c15f00a4d perks=0 modifiersApplied=0
[2026/05/22 01:33:51   INFO]                  [MOTM] [MOTM] Applied race bonuses for imseb: Human (HP +5)
[2026/05/22 01:33:51   INFO]                  [MOTM] [MOTM] <<< rebuildPlayerRuntimeNow END playerId=6d49dfd8-b4aa-48ec-b608-4e0c15f00a4d class=terra styles=[]
[2026/05/22 01:33:52   INFO]        [CommandManager] imseb executed command: motm style self_petrification
[2026/05/22 01:33:52   INFO]                  [MOTM] [MOTM] imseb selected styles: [self_petrification]
[2026/05/22 01:33:52   INFO]                  [MOTM] [MOTM] Queue runtime rebuild: playerId=6d49dfd8-b4aa-48ec-b608-4e0c15f00a4d
[2026/05/22 01:33:52   INFO]                  [MOTM] [MOTM] >>> rebuildPlayerRuntimeNow START playerId=6d49dfd8-b4aa-48ec-b608-4e0c15f00a4d class=terra styles=[self_petrification]
[2026/05/22 01:33:52   INFO]                  [MOTM] [MOTM] Rebuilt perk stat modifiers: player=6d49dfd8-b4aa-48ec-b608-4e0c15f00a4d perks=0 modifiersApplied=0
[2026/05/22 01:33:52   INFO]                  [MOTM] [MOTM] Applied race bonuses for imseb: Human (HP +5)
[2026/05/22 01:33:52   INFO]                  [MOTM] [MOTM] <<< rebuildPlayerRuntimeNow END playerId=6d49dfd8-b4aa-48ec-b608-4e0c15f00a4d class=terra styles=[self_petrification]
[2026/05/22 01:33:52   INFO]                  [MOTM] [MOTM] Pending spellbook grant processed: playerId=6d49dfd8-b4aa-48ec-b608-4e0c15f00a4d granted=false nowHasSpellbook=true
[2026/05/22 01:33:54   INFO]        [CommandManager] imseb executed command: motm dev test mobs close
[2026/05/22 01:33:54   INFO]                  [MOTM] [MOTM] Style test mob spawn queued: playerId=6d49dfd8-b4aa-48ec-b608-4e0c15f00a4d added=true
[2026/05/22 01:33:54   INFO]                  [MOTM] [MOTM] Style test mobs spawned: count=2 mode=close grounded=(5103.50, 168.00, 4980.30) floating=(5098.50, 171.00, 4977.50)
[2026/05/22 01:33:58   INFO]        [CommandManager] imseb executed command: motm dev test ability gargoyle
[2026/05/22 01:33:58   INFO]                  [MOTM] [MOTM] Live ability test target: playerId=6d49dfd8-b4aa-48ec-b608-4e0c15f00a4d abilityId=gargoyle hasTarget=true targetBlock=Vector3i{x=5103, y=168, z=4980}
[2026/05/22 01:33:58   INFO]                  [MOTM] [MOTM] Queue ability cast: playerId=6d49dfd8-b4aa-48ec-b608-4e0c15f00a4d abilityId=gargoyle notifyFailures=true
[2026/05/22 01:33:58   INFO]                  [MOTM] [MOTM] Processing queued ability cast: playerId=6d49dfd8-b4aa-48ec-b608-4e0c15f00a4d abilityId=gargoyle
[2026/05/22 01:33:58   INFO]                  [MOTM] [MOTM] Queued ability cast result: playerId=6d49dfd8-b4aa-48ec-b608-4e0c15f00a4d abilityId=gargoyle result=[MOTM] Cast Gargoyle! Runtime: terra cast visuals | shield 56.0 | weapon follow-up ready x2 via Gargoyle.
[2026/05/22 01:34:04   INFO]        [CommandManager] imseb executed command: motm dev test mobs close
[2026/05/22 01:34:04   INFO]                  [MOTM] [MOTM] Style test mob spawn queued: playerId=6d49dfd8-b4aa-48ec-b608-4e0c15f00a4d added=true
[2026/05/22 01:34:04   INFO]                  [MOTM] [MOTM] Style test mobs spawned: count=2 mode=close grounded=(5103.50, 168.00, 4980.30) floating=(5098.50, 171.00, 4977.50)
[2026/05/22 01:34:07   INFO]        [CommandManager] imseb executed command: motm dev test ability glare
[2026/05/22 01:34:07   INFO]                  [MOTM] [MOTM] Live ability test target: playerId=6d49dfd8-b4aa-48ec-b608-4e0c15f00a4d abilityId=glare hasTarget=true targetBlock=Vector3i{x=5103, y=168, z=4980}
[2026/05/22 01:34:07   INFO]                  [MOTM] [MOTM] Queue ability cast: playerId=6d49dfd8-b4aa-48ec-b608-4e0c15f00a4d abilityId=glare notifyFailures=true
[2026/05/22 01:34:07   INFO]                  [MOTM] [MOTM] Processing queued ability cast: playerId=6d49dfd8-b4aa-48ec-b608-4e0c15f00a4d abilityId=glare
[2026/05/22 01:34:07   INFO]                  [MOTM] [MOTM] Queued ability cast result: playerId=6d49dfd8-b4aa-48ec-b608-4e0c15f00a4d abilityId=glare result=[MOTM] Cast Glare! Runtime: terra cast visuals | applied stun to 5 targets.
[2026/05/22 01:34:14   INFO]        [CommandManager] imseb executed command: motm dev test mobs close
[2026/05/22 01:34:14   INFO]                  [MOTM] [MOTM] Style test mob spawn queued: playerId=6d49dfd8-b4aa-48ec-b608-4e0c15f00a4d added=true
[2026/05/22 01:34:14   INFO]                  [MOTM] [MOTM] Style test mobs spawned: count=2 mode=close grounded=(5103.50, 168.00, 4980.30) floating=(5098.50, 171.00, 4977.50)
[2026/05/22 01:34:18   INFO]        [CommandManager] imseb executed command: motm dev test ability tunnel
[2026/05/22 01:34:18   INFO]                  [MOTM] [MOTM] Live ability test target: playerId=6d49dfd8-b4aa-48ec-b608-4e0c15f00a4d abilityId=tunnel hasTarget=true targetBlock=Vector3i{x=5103, y=168, z=4980}
[2026/05/22 01:34:18   INFO]                  [MOTM] [MOTM] Queue ability cast: playerId=6d49dfd8-b4aa-48ec-b608-4e0c15f00a4d abilityId=tunnel notifyFailures=true
[2026/05/22 01:34:18   INFO]                  [MOTM] [MOTM] Processing queued ability cast: playerId=6d49dfd8-b4aa-48ec-b608-4e0c15f00a4d abilityId=tunnel
[2026/05/22 01:34:18   INFO]                  [MOTM] [MOTM] Queued ability cast result: playerId=6d49dfd8-b4aa-48ec-b608-4e0c15f00a4d abilityId=tunnel result=[MOTM] Cast Tunnel! Runtime: terra move visuals | dash 10.0m forward +2.5m vertical | tunnel path trail | 3 nodes | 3s | self evasion | 1 hit for 27.2 damage.
