[2026/05/22 01:41:40   INFO]        [CommandManager] imseb executed command: motm dev freecast on
[2026/05/22 01:41:41   INFO]        [CommandManager] imseb executed command: motm dev class set terra
[2026/05/22 01:41:41   INFO]                  [MOTM] [MOTM] Queue runtime rebuild: playerId=6d49dfd8-b4aa-48ec-b608-4e0c15f00a4d
[2026/05/22 01:41:41   INFO]                  [MOTM] [MOTM] >>> rebuildPlayerRuntimeNow START playerId=6d49dfd8-b4aa-48ec-b608-4e0c15f00a4d class=terra styles=[]
[2026/05/22 01:41:41   INFO]                  [MOTM] [MOTM] Rebuilt perk stat modifiers: player=6d49dfd8-b4aa-48ec-b608-4e0c15f00a4d perks=0 modifiersApplied=0
[2026/05/22 01:41:41   INFO]                  [MOTM] [MOTM] Applied race bonuses for imseb: Human (HP +5)
[2026/05/22 01:41:41   INFO]                  [MOTM] [MOTM] <<< rebuildPlayerRuntimeNow END playerId=6d49dfd8-b4aa-48ec-b608-4e0c15f00a4d class=terra styles=[]
[2026/05/22 01:41:43   INFO]        [CommandManager] imseb executed command: motm dev styles clear
[2026/05/22 01:41:43   INFO]                  [MOTM] [MOTM] Queue runtime rebuild: playerId=6d49dfd8-b4aa-48ec-b608-4e0c15f00a4d
[2026/05/22 01:41:43   INFO]                  [MOTM] [MOTM] >>> rebuildPlayerRuntimeNow START playerId=6d49dfd8-b4aa-48ec-b608-4e0c15f00a4d class=terra styles=[]
[2026/05/22 01:41:43   INFO]                  [MOTM] [MOTM] Rebuilt perk stat modifiers: player=6d49dfd8-b4aa-48ec-b608-4e0c15f00a4d perks=0 modifiersApplied=0
[2026/05/22 01:41:43   INFO]                  [MOTM] [MOTM] Applied race bonuses for imseb: Human (HP +5)
[2026/05/22 01:41:43   INFO]                  [MOTM] [MOTM] <<< rebuildPlayerRuntimeNow END playerId=6d49dfd8-b4aa-48ec-b608-4e0c15f00a4d class=terra styles=[]
[2026/05/22 01:41:45   INFO]        [CommandManager] imseb executed command: motm style sand
[2026/05/22 01:41:45   INFO]                  [MOTM] [MOTM] imseb selected styles: [sand]
[2026/05/22 01:41:45   INFO]                  [MOTM] [MOTM] Queue runtime rebuild: playerId=6d49dfd8-b4aa-48ec-b608-4e0c15f00a4d
[2026/05/22 01:41:45   INFO]                  [MOTM] [MOTM] >>> rebuildPlayerRuntimeNow START playerId=6d49dfd8-b4aa-48ec-b608-4e0c15f00a4d class=terra styles=[sand]
[2026/05/22 01:41:45   INFO]                  [MOTM] [MOTM] Rebuilt perk stat modifiers: player=6d49dfd8-b4aa-48ec-b608-4e0c15f00a4d perks=0 modifiersApplied=0
[2026/05/22 01:41:45   INFO]                  [MOTM] [MOTM] Applied race bonuses for imseb: Human (HP +5)
[2026/05/22 01:41:45   INFO]                  [MOTM] [MOTM] <<< rebuildPlayerRuntimeNow END playerId=6d49dfd8-b4aa-48ec-b608-4e0c15f00a4d class=terra styles=[sand]
[2026/05/22 01:41:45   INFO]                  [MOTM] [MOTM] Pending spellbook grant processed: playerId=6d49dfd8-b4aa-48ec-b608-4e0c15f00a4d granted=false nowHasSpellbook=true
[2026/05/22 01:41:46   INFO]        [CommandManager] imseb executed command: motm dev test mobs close
[2026/05/22 01:41:46   INFO]                  [MOTM] [MOTM] Style test mob spawn queued: playerId=6d49dfd8-b4aa-48ec-b608-4e0c15f00a4d added=true
[2026/05/22 01:41:46   INFO]                  [MOTM] [MOTM] Style test mobs spawned: count=2 mode=close grounded=(5103.50, 171.00, 4971.30) floating=(5098.50, 174.00, 4968.50)
[2026/05/22 01:41:50   INFO]        [CommandManager] imseb executed command: motm dev test ability sandstorm
[2026/05/22 01:41:50   INFO]                  [MOTM] [MOTM] Live ability test target: playerId=6d49dfd8-b4aa-48ec-b608-4e0c15f00a4d abilityId=sandstorm hasTarget=true targetBlock=Vector3i{x=5103, y=171, z=4971}
[2026/05/22 01:41:50   INFO]                  [MOTM] [MOTM] Queue ability cast: playerId=6d49dfd8-b4aa-48ec-b608-4e0c15f00a4d abilityId=sandstorm notifyFailures=true
[2026/05/22 01:41:50   INFO]                  [MOTM] [MOTM] Processing queued ability cast: playerId=6d49dfd8-b4aa-48ec-b608-4e0c15f00a4d abilityId=sandstorm
[2026/05/22 01:41:50   INFO]                  [MOTM] [MOTM] Queued ability cast result: playerId=6d49dfd8-b4aa-48ec-b608-4e0c15f00a4d abilityId=sandstorm result=[MOTM] Cast Sandstorm! Runtime: terra cast visuals | field active for 6s | radius 5.0m | 2 hits for 22.7 damage | applied dot, slow to 2 targets.
[2026/05/22 01:41:59   INFO]        [CommandManager] imseb executed command: motm dev test mobs close
[2026/05/22 01:41:59   INFO]                  [MOTM] [MOTM] Style test mob spawn queued: playerId=6d49dfd8-b4aa-48ec-b608-4e0c15f00a4d added=true
[2026/05/22 01:41:59   INFO]                  [MOTM] [MOTM] Style test mobs spawned: count=2 mode=close grounded=(5103.50, 171.00, 4971.30) floating=(5098.50, 174.00, 4968.50)
[2026/05/22 01:42:02   INFO]        [CommandManager] imseb executed command: motm dev test ability dust_devil
[2026/05/22 01:42:02   INFO]                  [MOTM] [MOTM] Live ability test target: playerId=6d49dfd8-b4aa-48ec-b608-4e0c15f00a4d abilityId=dust_devil hasTarget=true targetBlock=Vector3i{x=5103, y=171, z=4971}
[2026/05/22 01:42:02   INFO]                  [MOTM] [MOTM] Queue ability cast: playerId=6d49dfd8-b4aa-48ec-b608-4e0c15f00a4d abilityId=dust_devil notifyFailures=true
[2026/05/22 01:42:02   INFO]                  [MOTM] [MOTM] Processing queued ability cast: playerId=6d49dfd8-b4aa-48ec-b608-4e0c15f00a4d abilityId=dust_devil
[2026/05/22 01:42:02   INFO]                  [MOTM] [MOTM] ability kill detected: player=6d49dfd8-b4aa-48ec-b608-4e0c15f00a4d target=2d01c384-77ad-3301-bef6-1d1fbc6d3ee2 mobType=Goblin_Scrapper
[2026/05/22 01:42:02   WARN]                  [MOTM] [MOTM] Unknown mob type for XP: Goblin_Scrapper, using default 50
[2026/05/22 01:42:02   INFO]                  [MOTM] [MOTM] ability kill detected: player=6d49dfd8-b4aa-48ec-b608-4e0c15f00a4d target=d01a6344-c3c4-37d4-851c-324552f1bcd1 mobType=Goblin_Scrapper
[2026/05/22 01:42:02   WARN]                  [MOTM] [MOTM] Unknown mob type for XP: Goblin_Scrapper, using default 50
[2026/05/22 01:42:02   INFO]                  [MOTM] [MOTM] Queued ability cast result: playerId=6d49dfd8-b4aa-48ec-b608-4e0c15f00a4d abilityId=dust_devil result=[MOTM] Cast Dust Devil! Runtime: terra cast visuals | field active for 4s | radius 3.0m | 3 hits for 81.6 damage | applied knockback to 1 target.
[2026/05/22 01:42:10   INFO]        [CommandManager] imseb executed command: motm dev test mobs close
[2026/05/22 01:42:10   INFO]                  [MOTM] [MOTM] Style test mob spawn queued: playerId=6d49dfd8-b4aa-48ec-b608-4e0c15f00a4d added=true
[2026/05/22 01:42:10   INFO]                  [MOTM] [MOTM] Style test mobs spawned: count=2 mode=close grounded=(5103.50, 171.00, 4971.30) floating=(5098.50, 174.00, 4968.50)
[2026/05/22 01:42:14   INFO]        [CommandManager] imseb executed command: motm dev test ability vitrification
[2026/05/22 01:42:14   INFO]                  [MOTM] [MOTM] Live ability test target: playerId=6d49dfd8-b4aa-48ec-b608-4e0c15f00a4d abilityId=vitrification hasTarget=true targetBlock=Vector3i{x=5103, y=171, z=4971}
[2026/05/22 01:42:14   INFO]                  [MOTM] [MOTM] Queue ability cast: playerId=6d49dfd8-b4aa-48ec-b608-4e0c15f00a4d abilityId=vitrification notifyFailures=true
[2026/05/22 01:42:14   INFO]                  [MOTM] [MOTM] Processing queued ability cast: playerId=6d49dfd8-b4aa-48ec-b608-4e0c15f00a4d abilityId=vitrification
[2026/05/22 01:42:14   INFO]                  [MOTM] [MOTM] Queued ability cast result: playerId=6d49dfd8-b4aa-48ec-b608-4e0c15f00a4d abilityId=vitrification result=[MOTM] Cast Vitrification! Charges 2/3. Runtime: terra cast visuals | launched 1 projectile at 24.0m/s.
