[2026/05/22 03:46:56   INFO]                  [MOTM] [MOTM] Live ability test target: playerId=6d49dfd8-b4aa-48ec-b608-4e0c15f00a4d abilityId=smog hasTarget=true targetBlock=Vector3i{x=5103, y=168, z=4980}
[2026/05/22 03:46:56   INFO]                  [MOTM] [MOTM] Queue ability cast: playerId=6d49dfd8-b4aa-48ec-b608-4e0c15f00a4d abilityId=smog notifyFailures=true
[2026/05/22 03:46:56   INFO]                  [MOTM] [MOTM] Processing queued ability cast: playerId=6d49dfd8-b4aa-48ec-b608-4e0c15f00a4d abilityId=smog
[2026/05/22 03:46:56   INFO]                  [MOTM] [MOTM] Queued ability cast result: playerId=6d49dfd8-b4aa-48ec-b608-4e0c15f00a4d abilityId=smog result=[MOTM] Cast Smog! Runtime: aero cast visuals | field active for 6s | radius 5.0m | 1 hit for 11.3 damage | applied dot, slow to 1 target.
[2026/05/22 03:46:56   INFO]                  [MOTM] [MOTM] Smog field tick applied: target=844b4bf0-e1f2-3493-8ed1-9a23499aed81 blind=true slow=true dot=true
[2026/05/22 03:46:57   INFO]                  [MOTM] [MOTM] Smog field tick applied: target=844b4bf0-e1f2-3493-8ed1-9a23499aed81 blind=true slow=true dot=true
[2026/05/22 03:46:58   INFO]                  [MOTM] [MOTM] Smog field tick applied: target=844b4bf0-e1f2-3493-8ed1-9a23499aed81 blind=true slow=true dot=true
[2026/05/22 03:46:59   INFO]                  [MOTM] [MOTM] Smog field tick applied: target=844b4bf0-e1f2-3493-8ed1-9a23499aed81 blind=true slow=true dot=true
[2026/05/22 03:47:00   INFO]                  [MOTM] [MOTM] Smog field tick applied: target=844b4bf0-e1f2-3493-8ed1-9a23499aed81 blind=true slow=true dot=true
[2026/05/22 03:47:01   INFO]                  [MOTM] [MOTM] Smog field tick applied: target=844b4bf0-e1f2-3493-8ed1-9a23499aed81 blind=true slow=true dot=true
[2026/05/22 03:47:02   INFO]                  [MOTM] [MOTM] Smog field tick applied: target=844b4bf0-e1f2-3493-8ed1-9a23499aed81 blind=true slow=true dot=true
[2026/05/22 03:47:02   INFO]                  [MOTM] [MOTM] Live ability test target: playerId=6d49dfd8-b4aa-48ec-b608-4e0c15f00a4d abilityId=toxic_breath hasTarget=true targetBlock=Vector3i{x=5103, y=168, z=4980}
[2026/05/22 03:47:02   INFO]                  [MOTM] [MOTM] Queue ability cast: playerId=6d49dfd8-b4aa-48ec-b608-4e0c15f00a4d abilityId=toxic_breath notifyFailures=true
[2026/05/22 03:47:02   INFO]                  [MOTM] [MOTM] Processing queued ability cast: playerId=6d49dfd8-b4aa-48ec-b608-4e0c15f00a4d abilityId=toxic_breath
[2026/05/22 03:47:02   INFO]                  [MOTM] [MOTM] ability kill detected: player=6d49dfd8-b4aa-48ec-b608-4e0c15f00a4d target=844b4bf0-e1f2-3493-8ed1-9a23499aed81 mobType=Goblin_Scrapper
[2026/05/22 03:47:02   WARN]                  [MOTM] [MOTM] Unknown mob type for XP: Goblin_Scrapper, using default 50
[2026/05/22 03:47:03   INFO]                  [MOTM] [MOTM] Queued ability cast result: playerId=6d49dfd8-b4aa-48ec-b608-4e0c15f00a4d abilityId=toxic_breath result=[MOTM] Cast Toxic Breath! Runtime: aero cast visuals | 1 hit for 18.1 damage.
[2026/05/22 03:47:08   INFO]                  [MOTM] [MOTM] Live ability test target: playerId=6d49dfd8-b4aa-48ec-b608-4e0c15f00a4d abilityId=acid_rain hasTarget=true targetBlock=Vector3i{x=5098, y=171, z=4977}
[2026/05/22 03:47:08   INFO]                  [MOTM] [MOTM] Queue ability cast: playerId=6d49dfd8-b4aa-48ec-b608-4e0c15f00a4d abilityId=acid_rain notifyFailures=true
[2026/05/22 03:47:08   INFO]                  [MOTM] [MOTM] Processing queued ability cast: playerId=6d49dfd8-b4aa-48ec-b608-4e0c15f00a4d abilityId=acid_rain
[2026/05/22 03:47:08   INFO]                  [MOTM] [MOTM] ability kill detected: player=6d49dfd8-b4aa-48ec-b608-4e0c15f00a4d target=580a0653-0279-33e0-8882-fc9102d96835 mobType=Bat
[2026/05/22 03:47:08   WARN]                  [MOTM] [MOTM] Unknown mob type for XP: Bat, using default 50
[2026/05/22 03:47:08   INFO]                  [MOTM] [MOTM] imseb leveled up: 20 -> 21
[2026/05/22 03:47:08   INFO]                  [MOTM] [MOTM] Queued ability cast result: playerId=6d49dfd8-b4aa-48ec-b608-4e0c15f00a4d abilityId=acid_rain result=[MOTM] Cast Acid Rain! Runtime: aero cast visuals | field active for 7s | radius 6.0m | 1 hit for 22.7 damage.
