[2026/05/22 01:38:17   INFO]        [CommandManager] imseb executed command: motm dev freecast on
[2026/05/22 01:38:18   INFO]        [CommandManager] imseb executed command: motm dev class set terra
[2026/05/22 01:38:18   INFO]                  [MOTM] [MOTM] Queue runtime rebuild: playerId=6d49dfd8-b4aa-48ec-b608-4e0c15f00a4d
[2026/05/22 01:38:18   INFO]                  [MOTM] [MOTM] >>> rebuildPlayerRuntimeNow START playerId=6d49dfd8-b4aa-48ec-b608-4e0c15f00a4d class=terra styles=[]
[2026/05/22 01:38:18   INFO]                  [MOTM] [MOTM] Rebuilt perk stat modifiers: player=6d49dfd8-b4aa-48ec-b608-4e0c15f00a4d perks=0 modifiersApplied=0
[2026/05/22 01:38:18   INFO]                  [MOTM] [MOTM] Applied race bonuses for imseb: Human (HP +5)
[2026/05/22 01:38:18   INFO]                  [MOTM] [MOTM] <<< rebuildPlayerRuntimeNow END playerId=6d49dfd8-b4aa-48ec-b608-4e0c15f00a4d class=terra styles=[]
[2026/05/22 01:38:20   INFO]        [CommandManager] imseb executed command: motm dev styles clear
[2026/05/22 01:38:20   INFO]                  [MOTM] [MOTM] Queue runtime rebuild: playerId=6d49dfd8-b4aa-48ec-b608-4e0c15f00a4d
[2026/05/22 01:38:20   INFO]                  [MOTM] [MOTM] >>> rebuildPlayerRuntimeNow START playerId=6d49dfd8-b4aa-48ec-b608-4e0c15f00a4d class=terra styles=[]
[2026/05/22 01:38:20   INFO]                  [MOTM] [MOTM] Rebuilt perk stat modifiers: player=6d49dfd8-b4aa-48ec-b608-4e0c15f00a4d perks=0 modifiersApplied=0
[2026/05/22 01:38:20   INFO]                  [MOTM] [MOTM] Applied race bonuses for imseb: Human (HP +5)
[2026/05/22 01:38:20   INFO]                  [MOTM] [MOTM] <<< rebuildPlayerRuntimeNow END playerId=6d49dfd8-b4aa-48ec-b608-4e0c15f00a4d class=terra styles=[]
[2026/05/22 01:38:22   INFO]        [CommandManager] imseb executed command: motm style soil
[2026/05/22 01:38:22   INFO]                  [MOTM] [MOTM] imseb selected styles: [soil]
[2026/05/22 01:38:22   INFO]                  [MOTM] [MOTM] Pending spellbook grant processed: playerId=6d49dfd8-b4aa-48ec-b608-4e0c15f00a4d granted=false nowHasSpellbook=true
[2026/05/22 01:38:22   INFO]                  [MOTM] [MOTM] Queue runtime rebuild: playerId=6d49dfd8-b4aa-48ec-b608-4e0c15f00a4d
[2026/05/22 01:38:22   INFO]                  [MOTM] [MOTM] >>> rebuildPlayerRuntimeNow START playerId=6d49dfd8-b4aa-48ec-b608-4e0c15f00a4d class=terra styles=[soil]
[2026/05/22 01:38:22   INFO]                  [MOTM] [MOTM] Rebuilt perk stat modifiers: player=6d49dfd8-b4aa-48ec-b608-4e0c15f00a4d perks=0 modifiersApplied=0
[2026/05/22 01:38:22   INFO]                  [MOTM] [MOTM] Applied race bonuses for imseb: Human (HP +5)
[2026/05/22 01:38:22   INFO]                  [MOTM] [MOTM] <<< rebuildPlayerRuntimeNow END playerId=6d49dfd8-b4aa-48ec-b608-4e0c15f00a4d class=terra styles=[soil]
[2026/05/22 01:38:23   INFO]        [CommandManager] imseb executed command: motm dev test mobs close
[2026/05/22 01:38:23   INFO]                  [MOTM] [MOTM] Style test mob spawn queued: playerId=6d49dfd8-b4aa-48ec-b608-4e0c15f00a4d added=true
[2026/05/22 01:38:23   INFO]                  [MOTM] [MOTM] Style test mobs spawned: count=2 mode=close grounded=(5103.50, 168.00, 4980.30) floating=(5098.50, 171.00, 4977.50)
[2026/05/22 01:38:23   INFO]                  [MOTM] [MOTM] Unmapped NPC type encountered. npcTypeId=Goblin_Scrapper, modelAssetId=Goblin_Scrapper
[2026/05/22 01:38:23   INFO]                  [MOTM] [MOTM] Unmapped NPC type encountered. npcTypeId=Bat, modelAssetId=Bat
[2026/05/22 01:38:27   INFO]        [CommandManager] imseb executed command: motm dev test ability burrow
[2026/05/22 01:38:27   INFO]                  [MOTM] [MOTM] Live ability test target: playerId=6d49dfd8-b4aa-48ec-b608-4e0c15f00a4d abilityId=burrow hasTarget=true targetBlock=Vector3i{x=5103, y=168, z=4980}
[2026/05/22 01:38:27   INFO]                  [MOTM] [MOTM] Queue ability cast: playerId=6d49dfd8-b4aa-48ec-b608-4e0c15f00a4d abilityId=burrow notifyFailures=true
[2026/05/22 01:38:27   INFO]                  [MOTM] [MOTM] Processing queued ability cast: playerId=6d49dfd8-b4aa-48ec-b608-4e0c15f00a4d abilityId=burrow
[2026/05/22 01:38:27   INFO]                  [MOTM] [MOTM] ability kill detected: player=6d49dfd8-b4aa-48ec-b608-4e0c15f00a4d target=c0f003df-98c3-3571-b854-1d3e613aa886 mobType=Goblin_Scrapper
[2026/05/22 01:38:27   WARN]                  [MOTM] [MOTM] Unknown mob type for XP: Goblin_Scrapper, using default 50
[2026/05/22 01:38:27   INFO]                  [MOTM] [MOTM] Queued ability cast result: playerId=6d49dfd8-b4aa-48ec-b608-4e0c15f00a4d abilityId=burrow result=[MOTM] Cast Burrow! Charges 1/2. Runtime: terra move visuals | dash 9.0m forward +3.0m vertical | ruptured earth trail | 3 nodes | 3s | 1 hit for 45.4 damage.
[2026/05/22 01:38:35   INFO]        [CommandManager] imseb executed command: motm dev test mobs close
[2026/05/22 01:38:35   INFO]                  [MOTM] [MOTM] Style test mob spawn queued: playerId=6d49dfd8-b4aa-48ec-b608-4e0c15f00a4d added=true
[2026/05/22 01:38:35   INFO]                  [MOTM] [MOTM] Style test mobs spawned: count=2 mode=close grounded=(5103.50, 171.00, 4971.30) floating=(5098.50, 174.00, 4968.50)
[2026/05/22 01:38:38   INFO]        [CommandManager] imseb executed command: motm dev test ability mudpit
[2026/05/22 01:38:38   INFO]                  [MOTM] [MOTM] Live ability test target: playerId=6d49dfd8-b4aa-48ec-b608-4e0c15f00a4d abilityId=mudpit hasTarget=true targetBlock=Vector3i{x=5103, y=171, z=4971}
[2026/05/22 01:38:38   INFO]                  [MOTM] [MOTM] Queue ability cast: playerId=6d49dfd8-b4aa-48ec-b608-4e0c15f00a4d abilityId=mudpit notifyFailures=true
[2026/05/22 01:38:38   INFO]                  [MOTM] [MOTM] Processing queued ability cast: playerId=6d49dfd8-b4aa-48ec-b608-4e0c15f00a4d abilityId=mudpit
[2026/05/22 01:38:38   INFO]                  [MOTM] [MOTM] Queued ability cast result: playerId=6d49dfd8-b4aa-48ec-b608-4e0c15f00a4d abilityId=mudpit result=[MOTM] Cast Mudpit! Runtime: terra cast visuals | field active for 5s | radius 4.0m | 1 hit for 22.7 damage | applied slow, vulnerability to 1 target.
[2026/05/22 01:38:47   INFO]        [CommandManager] imseb executed command: motm dev test mobs close
[2026/05/22 01:38:47   INFO]                  [MOTM] [MOTM] Style test mob spawn queued: playerId=6d49dfd8-b4aa-48ec-b608-4e0c15f00a4d added=true
[2026/05/22 01:38:47   INFO]                  [MOTM] [MOTM] Style test mobs spawned: count=2 mode=close grounded=(5103.50, 171.00, 4971.30) floating=(5098.50, 174.00, 4968.50)
[2026/05/22 01:38:51   INFO]        [CommandManager] imseb executed command: motm dev test ability debris
[2026/05/22 01:38:51   INFO]                  [MOTM] [MOTM] Live ability test target: playerId=6d49dfd8-b4aa-48ec-b608-4e0c15f00a4d abilityId=debris hasTarget=true targetBlock=Vector3i{x=5103, y=171, z=4971}
[2026/05/22 01:38:51   INFO]                  [MOTM] [MOTM] Queue ability cast: playerId=6d49dfd8-b4aa-48ec-b608-4e0c15f00a4d abilityId=debris notifyFailures=true
[2026/05/22 01:38:51   INFO]                  [MOTM] [MOTM] Processing queued ability cast: playerId=6d49dfd8-b4aa-48ec-b608-4e0c15f00a4d abilityId=debris
[2026/05/22 01:38:51   INFO]                  [MOTM] [MOTM] Queued ability cast result: playerId=6d49dfd8-b4aa-48ec-b608-4e0c15f00a4d abilityId=debris result=[MOTM] Cast Debris! Runtime: terra cast visuals | launched 4 projectiles at 20.0m/s | volley cadence.
[2026/05/22 01:38:51   INFO]                  [MOTM] [MOTM] Unmapped NPC type encountered. npcTypeId=Spark_Living, modelAssetId=Spark_Living
